=== 检查进度 2026-09-14 03:36:01 ===
Traceback (most recent call last):
  File "D:\shuntian\scripts\check_progress.py", line 45, in <module>
    check()
  File "D:\shuntian\scripts\check_progress.py", line 18, in check
    print(f"\u2705 YHZP Source: {count} 条", flush=True)
UnicodeEncodeError: 'gbk' codec can't encode character '\u2705' in position 0: illegal multibyte sequence
=== 检查进度 2026-09-14 04:06:02 ===
Traceback (most recent call last):
  File "D:\shuntian\scripts\check_progress.py", line 45, in <module>
    check()
  File "D:\shuntian\scripts\check_progress.py", line 18, in check
    print(f"\u2705 YHZP Source: {count} 条", flush=True)
UnicodeEncodeError: 'gbk' codec can't encode character '\u2705' in position 0: illegal multibyte sequence
=== 检查进度 2026-09-14 04:36:01 ===
Traceback (most recent call last):
  File "D:\shuntian\scripts\check_progress.py", line 45, in <module>
    check()
  File "D:\shuntian\scripts\check_progress.py", line 18, in check
    print(f"\u2705 YHZP Source: {count} 条", flush=True)
UnicodeEncodeError: 'gbk' codec can't encode character '\u2705' in position 0: illegal multibyte sequence
=== 检查进度 2026-09-14 05:06:01 ===
Traceback (most recent call last):
  File "D:\shuntian\scripts\check_progress.py", line 45, in <module>
    check()
  File "D:\shuntian\scripts\check_progress.py", line 18, in check
    print(f"\u2705 YHZP Source: {count} 条", flush=True)
UnicodeEncodeError: 'gbk' codec can't encode character '\u2705' in position 0: illegal multibyte sequence
python: can't open file 'D:\\shuntian\\scripts\\check_progress.py': [Errno 2] No such file or directory
python: can't open file 'D:\\shuntian\\scripts\\check_progress.py': [Errno 2] No such file or directory
python: can't open file 'D:\\shuntian\\scripts\\check_progress.py': [Errno 2] No such file or directory
python: can't open file 'D:\\shuntian\\scripts\\check_progress.py': [Errno 2] No such file or directory
python: can't open file 'D:\\shuntian\\scripts\\check_progress.py': [Errno 2] No such file or directory
python: can't open file 'D:\\shuntian\\scripts\\check_progress.py': [Errno 2] No such file or directory
python: can't open file 'D:\\shuntian\\scripts\\check_progress.py': [Errno 2] No such file or directory
python: can't open file 'D:\\shuntian\\scripts\\check_progress.py': [Errno 2] No such file or directory
python: can't open file 'D:\\shuntian\\scripts\\check_progress.py': [Errno 2] No such file or directory
python: can't open file 'D:\\shuntian\\scripts\\check_progress.py': [Errno 2] No such file or directory
python: can't open file 'D:\\shuntian\\scripts\\check_progress.py': [Errno 2] No such file or directory
python: can't open file 'D:\\shuntian\\scripts\\check_progress.py': [Errno 2] No such file or directory
python: can't open file 'D:\\shuntian\\scripts\\check_progress.py': [Errno 2] No such file or directory
python: can't open file 'D:\\shuntian\\scripts\\check_progress.py': [Errno 2] No such file or directory
python: can't open file 'D:\\shuntian\\scripts\\check_progress.py': [Errno 2] No such file or directory
python: can't open file 'D:\\shuntian\\scripts\\check_progress.py': [Errno 2] No such file or directory
python: can't open file 'D:\\shuntian\\scripts\\check_progress.py': [Errno 2] No such file or directory
python: can't open file 'D:\\shuntian\\scripts\\check_progress.py': [Errno 2] No such file or directory
python: can't open file 'D:\\shuntian\\scripts\\check_progress.py': [Errno 2] No such file or directory
python: can't open file 'D:\\shuntian\\scripts\\check_progress.py': [Errno 2] No such file or directory
python: can't open file 'D:\\shuntian\\scripts\\check_progress.py': [Errno 2] No such file or directory
python: can't open file 'D:\\shuntian\\scripts\\check_progress.py': [Errno 2] No such file or directory
python: can't open file 'D:\\shuntian\\scripts\\check_progress.py': [Errno 2] No such file or directory
python: can't open file 'D:\\shuntian\\scripts\\check_progress.py': [Errno 2] No such file or directory
python: can't open file 'D:\\shuntian\\scripts\\check_progress.py': [Errno 2] No such file or directory
python: can't open file 'D:\\shuntian\\scripts\\check_progress.py': [Errno 2] No such file or directory
python: can't open file 'D:\\shuntian\\scripts\\check_progress.py': [Errno 2] No such file or directory
python: can't open file 'D:\\shuntian\\scripts\\check_progress.py': [Errno 2] No such file or directory
python: can't open file 'D:\\shuntian\\scripts\\check_progress.py': [Errno 2] No such file or directory
python: can't open file 'D:\\shuntian\\scripts\\check_progress.py': [Errno 2] No such file or directory
python: can't open file 'D:\\shuntian\\scripts\\check_progress.py': [Errno 2] No such file or directory
python: can't open file 'D:\\shuntian\\scripts\\check_progress.py': [Errno 2] No such file or directory
python: can't open file 'D:\\shuntian\\scripts\\check_progress.py': [Errno 2] No such file or directory
python: can't open file 'D:\\shuntian\\scripts\\check_progress.py': [Errno 2] No such file or directory
python: can't open file 'D:\\shuntian\\scripts\\check_progress.py': [Errno 2] No such file or directory
python: can't open file 'D:\\shuntian\\scripts\\check_progress.py': [Errno 2] No such file or directory
python: can't open file 'D:\\shuntian\\scripts\\check_progress.py': [Errno 2] No such file or directory
python: can't open file 'D:\\shuntian\\scripts\\check_progress.py': [Errno 2] No such file or directory
python: can't open file 'D:\\shuntian\\scripts\\check_progress.py': [Errno 2] No such file or directory
python: can't open file 'D:\\shuntian\\scripts\\check_progress.py': [Errno 2] No such file or directory
python: can't open file 'D:\\shuntian\\scripts\\check_progress.py': [Errno 2] No such file or directory
python: can't open file 'D:\\shuntian\\scripts\\check_progress.py': [Errno 2] No such file or directory
python: can't open file 'D:\\shuntian\\scripts\\check_progress.py': [Errno 2] No such file or directory
python: can't open file 'D:\\shuntian\\scripts\\check_progress.py': [Errno 2] No such file or directory
python: can't open file 'D:\\shuntian\\scripts\\check_progress.py': [Errno 2] No such file or directory
python: can't open file 'D:\\shuntian\\scripts\\check_progress.py': [Errno 2] No such file or directory
python: can't open file 'D:\\shuntian\\scripts\\check_progress.py': [Errno 2] No such file or directory
python: can't open file 'D:\\shuntian\\scripts\\check_progress.py': [Errno 2] No such file or directory
python: can't open file 'D:\\shuntian\\scripts\\check_progress.py': [Errno 2] No such file or directory
python: can't open file 'D:\\shuntian\\scripts\\check_progress.py': [Errno 2] No such file or directory
python: can't open file 'D:\\shuntian\\scripts\\check_progress.py': [Errno 2] No such file or directory
python: can't open file 'D:\\shuntian\\scripts\\check_progress.py': [Errno 2] No such file or directory
python: can't open file 'D:\\shuntian\\scripts\\check_progress.py': [Errno 2] No such file or directory
python: can't open file 'D:\\shuntian\\scripts\\check_progress.py': [Errno 2] No such file or directory
python: can't open file 'D:\\shuntian\\scripts\\check_progress.py': [Errno 2] No such file or directory
python: can't open file 'D:\\shuntian\\scripts\\check_progress.py': [Errno 2] No such file or directory
python: can't open file 'D:\\shuntian\\scripts\\check_progress.py': [Errno 2] No such file or directory
python: can't open file 'D:\\shuntian\\scripts\\check_progress.py': [Errno 2] No such file or directory
python: can't open file 'D:\\shuntian\\scripts\\check_progress.py': [Errno 2] No such file or directory
python: can't open file 'D:\\shuntian\\scripts\\check_progress.py': [Errno 2] No such file or directory
python: can't open file 'D:\\shuntian\\scripts\\check_progress.py': [Errno 2] No such file or directory
python: can't open file 'D:\\shuntian\\scripts\\check_progress.py': [Errno 2] No such file or directory
python: can't open file 'D:\\shuntian\\scripts\\check_progress.py': [Errno 2] No such file or directory
python: can't open file 'D:\\shuntian\\scripts\\check_progress.py': [Errno 2] No such file or directory
python: can't open file 'D:\\shuntian\\scripts\\check_progress.py': [Errno 2] No such file or directory
python: can't open file 'D:\\shuntian\\scripts\\check_progress.py': [Errno 2] No such file or directory
python: can't open file 'D:\\shuntian\\scripts\\check_progress.py': [Errno 2] No such file or directory
python: can't open file 'D:\\shuntian\\scripts\\check_progress.py': [Errno 2] No such file or directory
python: can't open file 'D:\\shuntian\\scripts\\check_progress.py': [Errno 2] No such file or directory
python: can't open file 'D:\\shuntian\\scripts\\check_progress.py': [Errno 2] No such file or directory
python: can't open file 'D:\\shuntian\\scripts\\check_progress.py': [Errno 2] No such file or directory
python: can't open file 'D:\\shuntian\\scripts\\check_progress.py': [Errno 2] No such file or directory
python: can't open file 'D:\\shuntian\\scripts\\check_progress.py': [Errno 2] No such file or directory
python: can't open file 'D:\\shuntian\\scripts\\check_progress.py': [Errno 2] No such file or directory
python: can't open file 'D:\\shuntian\\scripts\\check_progress.py': [Errno 2] No such file or directory
python: can't open file 'D:\\shuntian\\scripts\\check_progress.py': [Errno 2] No such file or directory
python: can't open file 'D:\\shuntian\\scripts\\check_progress.py': [Errno 2] No such file or directory
python: can't open file 'D:\\shuntian\\scripts\\check_progress.py': [Errno 2] No such file or directory
python: can't open file 'D:\\shuntian\\scripts\\check_progress.py': [Errno 2] No such file or directory
python: can't open file 'D:\\shuntian\\scripts\\check_progress.py': [Errno 2] No such file or directory
python: can't open file 'D:\\shuntian\\scripts\\check_progress.py': [Errno 2] No such file or directory
python: can't open file 'D:\\shuntian\\scripts\\check_progress.py': [Errno 2] No such file or directory
python: can't open file 'D:\\shuntian\\scripts\\check_progress.py': [Errno 2] No such file or directory
python: can't open file 'D:\\shuntian\\scripts\\check_progress.py': [Errno 2] No such file or directory
python: can't open file 'D:\\shuntian\\scripts\\check_progress.py': [Errno 2] No such file or directory
python: can't open file 'D:\\shuntian\\scripts\\check_progress.py': [Errno 2] No such file or directory
python: can't open file 'D:\\shuntian\\scripts\\check_progress.py': [Errno 2] No such file or directory
python: can't open file 'D:\\shuntian\\scripts\\check_progress.py': [Errno 2] No such file or directory
python: can't open file 'D:\\shuntian\\scripts\\check_progress.py': [Errno 2] No such file or directory
python: can't open file 'D:\\shuntian\\scripts\\check_progress.py': [Errno 2] No such file or directory
python: can't open file 'D:\\shuntian\\scripts\\check_progress.py': [Errno 2] No such file or directory
python: can't open file 'D:\\shuntian\\scripts\\check_progress.py': [Errno 2] No such file or directory
python: can't open file 'D:\\shuntian\\scripts\\check_progress.py': [Errno 2] No such file or directory
python: can't open file 'D:\\shuntian\\scripts\\check_progress.py': [Errno 2] No such file or directory
python: can't open file 'D:\\shuntian\\scripts\\check_progress.py': [Errno 2] No such file or directory
python: can't open file 'D:\\shuntian\\scripts\\check_progress.py': [Errno 2] No such file or directory
python: can't open file 'D:\\shuntian\\scripts\\check_progress.py': [Errno 2] No such file or directory
python: can't open file 'D:\\shuntian\\scripts\\check_progress.py': [Errno 2] No such file or directory
python: can't open file 'D:\\shuntian\\scripts\\check_progress.py': [Errno 2] No such file or directory
python: can't open file 'D:\\shuntian\\scripts\\check_progress.py': [Errno 2] No such file or directory
python: can't open file 'D:\\shuntian\\scripts\\check_progress.py': [Errno 2] No such file or directory
python: can't open file 'D:\\shuntian\\scripts\\check_progress.py': [Errno 2] No such file or directory
python: can't open file 'D:\\shuntian\\scripts\\check_progress.py': [Errno 2] No such file or directory
python: can't open file 'D:\\shuntian\\scripts\\check_progress.py': [Errno 2] No such file or directory
python: can't open file 'D:\\shuntian\\scripts\\check_progress.py': [Errno 2] No such file or directory
python: can't open file 'D:\\shuntian\\scripts\\check_progress.py': [Errno 2] No such file or directory
python: can't open file 'D:\\shuntian\\scripts\\check_progress.py': [Errno 2] No such file or directory
python: can't open file 'D:\\shuntian\\scripts\\check_progress.py': [Errno 2] No such file or directory
python: can't open file 'D:\\shuntian\\scripts\\check_progress.py': [Errno 2] No such file or directory
python: can't open file 'D:\\shuntian\\scripts\\check_progress.py': [Errno 2] No such file or directory
python: can't open file 'D:\\shuntian\\scripts\\check_progress.py': [Errno 2] No such file or directory
python: can't open file 'D:\\shuntian\\scripts\\check_progress.py': [Errno 2] No such file or directory
python: can't open file 'D:\\shuntian\\scripts\\check_progress.py': [Errno 2] No such file or directory
python: can't open file 'D:\\shuntian\\scripts\\check_progress.py': [Errno 2] No such file or directory
python: can't open file 'D:\\shuntian\\scripts\\check_progress.py': [Errno 2] No such file or directory
python: can't open file 'D:\\shuntian\\scripts\\check_progress.py': [Errno 2] No such file or directory
python: can't open file 'D:\\shuntian\\scripts\\check_progress.py': [Errno 2] No such file or directory
python: can't open file 'D:\\shuntian\\scripts\\check_progress.py': [Errno 2] No such file or directory
python: can't open file 'D:\\shuntian\\scripts\\check_progress.py': [Errno 2] No such file or directory
python: can't open file 'D:\\shuntian\\scripts\\check_progress.py': [Errno 2] No such file or directory
python: can't open file 'D:\\shuntian\\scripts\\check_progress.py': [Errno 2] No such file or directory
python: can't open file 'D:\\shuntian\\scripts\\check_progress.py': [Errno 2] No such file or directory
python: can't open file 'D:\\shuntian\\scripts\\check_progress.py': [Errno 2] No such file or directory
python: can't open file 'D:\\shuntian\\scripts\\check_progress.py': [Errno 2] No such file or directory
python: can't open file 'D:\\shuntian\\scripts\\check_progress.py': [Errno 2] No such file or directory
python: can't open file 'D:\\shuntian\\scripts\\check_progress.py': [Errno 2] No such file or directory
python: can't open file 'D:\\shuntian\\scripts\\check_progress.py': [Errno 2] No such file or directory
python: can't open file 'D:\\shuntian\\scripts\\check_progress.py': [Errno 2] No such file or directory
python: can't open file 'D:\\shuntian\\scripts\\check_progress.py': [Errno 2] No such file or directory
python: can't open file 'D:\\shuntian\\scripts\\check_progress.py': [Errno 2] No such file or directory
python: can't open file 'D:\\shuntian\\scripts\\check_progress.py': [Errno 2] No such file or directory
python: can't open file 'D:\\shuntian\\scripts\\check_progress.py': [Errno 2] No such file or directory
python: can't open file 'D:\\shuntian\\scripts\\check_progress.py': [Errno 2] No such file or directory
python: can't open file 'D:\\shuntian\\scripts\\check_progress.py': [Errno 2] No such file or directory
python: can't open file 'D:\\shuntian\\scripts\\check_progress.py': [Errno 2] No such file or directory
python: can't open file 'D:\\shuntian\\scripts\\check_progress.py': [Errno 2] No such file or directory
python: can't open file 'D:\\shuntian\\scripts\\check_progress.py': [Errno 2] No such file or directory
python: can't open file 'D:\\shuntian\\scripts\\check_progress.py': [Errno 2] No such file or directory
python: can't open file 'D:\\shuntian\\scripts\\check_progress.py': [Errno 2] No such file or directory
